>
>SELECT Id, Name FROM Account
#^^^^^^ source.soql keyword.operator.query.select.apex
#      ^ source.soql
#       ^^ source.soql keyword.query.field.apex
#         ^ source.soql punctuation.separator.comma.apex
#          ^ source.soql
#           ^^^^ source.soql keyword.query.field.apex
#               ^ source.soql
#                ^^^^ source.soql keyword.operator.query.from.apex
#                    ^ source.soql
#                     ^^^^^^^ source.soql storage.type.apex
>
>