>
>SELECT city_c, State_c, COUNT(Employee_Name__C) Counts
#^^^^^^ source.soql keyword.operator.query.select.apex
#      ^ source.soql
#       ^^^^^^ source.soql keyword.query.field.apex
#             ^ source.soql punctuation.separator.comma.apex
#              ^ source.soql
#               ^^^^^^^ source.soql keyword.query.field.apex
#                      ^ source.soql punctuation.separator.comma.apex
#                       ^ source.soql
#                        ^^^^^ source.soql support.function.query.apex
#                             ^ source.soql punctuation.parenthesis.open.apex
#                              ^^^^^^^^^^^^^^^^ source.soql keyword.query.field.apex
#                                              ^ source.soql punctuation.parenthesis.close.apex
#                                               ^ source.soql
#                                                ^^^^^^ source.soql keyword.query.field.apex
> FROM Employee__C
#^ source.soql
# ^^^^ source.soql keyword.operator.query.from.apex
#     ^ source.soql
#      ^^^^^^^^^^^ source.soql storage.type.apex
> GROUP BY ROLLUP (City__c, State__C)
#^ source.soql
# ^^^^^^^^^^^^^^^ source.soql support.function.query.apex
#                ^ source.soql
#                 ^ source.soql punctuation.parenthesis.open.apex
#                  ^^^^^^^ source.soql keyword.query.field.apex
#                         ^ source.soql punctuation.separator.comma.apex
#                          ^ source.soql
#                           ^^^^^^^^ source.soql keyword.query.field.apex
#                                   ^ source.soql punctuation.parenthesis.close.apex
>